[0m
[0;32Xï¿½ï¿½kï¿½ï¿½ï¿½ï¿½ï¿½ï¿½[0m
ï¿½ets Jun  8 2016 00:22:57

rst:0x1 (POWERON_RESET),boot:0x13 (SPI_FAST_FLASH_BOOT)
configsip: 0, SPIWP:0xee
clk_drv:0x00,q_drv:0x00,d_drv:0x00,cs0_drv:0x00,hd_drv:0x00,wp_drv:0x00
mode:DIO, clock div:2
load:0x3fff0030,len:7080
load:0x40078000,len:15584
load:0x40080400,len:4
ho 8 tail 4 room 4
load:0x40080404,len:3876
entry 0x4008064c
[0;32mI (31) boot: ESP-IDF v5.1.1 2nd stage bootloader[0m
[0;32mI (31) boot: compile time Nov 29 2023 18:20:22[0m
[0;32mI (31) boot: Multicore bootloader[0m
[0;32mI (35) boot: chip revision: v1.0[0m
[0;32mI (39) boot.esp32: SPI Speed      : 40MHz[0m
[0;32mI (43) boot.esp32: SPI Mode       : DIO[0m
[0;32mI (48) boot.esp32: SPI Flash Size : 2MB[0m
[0;32mI (52) boot: Enabling RNG early entropy source...[0m
[0;32mI (58) boot: Partition Table:[0m
[0;32mI (61) boot: ## Label            Usage          Type ST Offset   Length[0m
[0;32mI (69) boot:  0 nvs              WiFi data        01 02 00009000 00006000[0m
[0;32mI (76) boot:  1 phy_init         RF data          01 01 0000f000 00001000[0m
[0;32mI (84) boot:  2 factory          factory app      00 00 00010000 00100000[0m
[0;32mI (91) boot: End of partition table[0m
[0;32mI (95) esp_image: segment 0: paddr=00010020 vaddr=3f400020 size=09e08h ( 40456) map[0m
[0;32mI (118) esp_image: segment 1: paddr=00019e30 vaddr=3ffb0000 size=02158h (  8536) load[0m
[0;32mI (122) esp_image: segment 2: paddr=0001bf90 vaddr=40080000 size=04088h ( 16520) load[0m
[0;32mI (131) esp_image: segment 3: paddr=00020020 vaddr=400d0020 size=14d14h ( 85268) map[0m
[0;32mI (163) esp_image: segment 4: paddr=00034d3c vaddr=40084088 size=083dch ( 33756) load[0m
[0;32mI (184) boot: Loaded app from partition at offset 0x10000[0m
[0;32mI (184) boot: Disabling RNG early entropy source...[0m
[0;32mI (195) cpu_start: Multicore app[0m
[0;32mI (196) cpu_start: Pro cpu up.[0m
[0;32mI (196) cpu_start: Starting app cpu, entry point is 0x40081114[0m
[0;32mI (0) cpu_start: App cpu up.[0m
[0;32mI (231) cpu_start: Pro cpu start user code[0m
[0;32mI (231) cpu_start: cpu freq: 160000000 Hz[0m
[0;32mI (231) cpu_start: Application information:[0m
[0;32mI (234) cpu_start: Project name:     generic_gpio[0m
[0;32mI (239) cpu_start: App version:      1[0m
[0;32mI (244) cpu_start: Compile time:     Nov 29 2023 18:20:14[0m
[0;32mI (250) cpu_start: ELF file SHA256:  166771a7c362e25d...[0m
[0;32mI (256) cpu_start: ESP-IDF:          v5.1.1[0m
[0;32mI (261) cpu_start: Min chip rev:     v0.0[0m
[0;32mI (266) cpu_start: Max chip rev:     v3.99 [0m
[0;32mI (270) cpu_start: Chip rev:         v1.0[0m
[0;32mI (275) heap_init: Initializing. RAM available for dynamic allocation:[0m
[0;32mI (282) heap_init: At 3FFAE6E0 len 00001920 (6 KiB): DRAM[0m
[0;32mI (288) heap_init: At 3FFB29C8 len 0002D638 (181 KiB): DRAM[0m
[0;32mI (295) heap_init: At 3FFE0440 len 00003AE0 (14 KiB): D/IRAM[0m
[0;32mI (301) heap_init: At 3FFE4350 len 0001BCB0 (111 KiB): D/IRAM[0m
[0;32mI (307) heap_init: At 4008C464 len 00013B9C (78 KiB): IRAM[0m
[0;32mI (315) spi_flash: detected chip: generic[0m
[0;32mI (318) spi_flash: flash io: dio[0m
[0;33mW (322) spi_flash: Detected size(4096k) larger than the size in the binary image header(2048k). Using the size in the binary image header.[0m
[0;32mI (336) app_start: Starting scheduler on CPU0[0m
[0;32mI (340) app_start: Starting scheduler on CPU1[0m
[0;32mI (340) main_task: Started on CPU0[0m
[0;32mI (350) main_task: Calling app_main()[0m
[0;32mI (350) gpio: GPIO[0]| InputEn: 1| OutputEn: 0| OpenDrain: 0| Pullup: 0| Pulldown: 1| Intr:3 [0m
[0;32mI (360) gpio: GPIO[18]| InputEn: 1| OutputEn: 0| OpenDrain: 0| Pullup: 0| Pulldown: 1| Intr:3 [0m
[0;32mI (370) gpio: GPIO[19]| InputEn: 1| OutputEn: 0| OpenDrain: 0| Pullup: 0| Pulldown: 1| Intr:3 [0m
[0;32mI (380) gpio: GPIO[21]| InputEn: 1| OutputEn: 0| OpenDrain: 0| Pullup: 0| Pulldown: 1| Intr:3 [0m
[0;32mI (390) gpio: GPIO[22]| InputEn: 1| OutputEn: 0| OpenDrain: 0| Pullup: 0| Pulldown: 1| Intr:3 [0m
[0;32mI (390) gpio: GPIO[23]| InputEn: 1| OutputEn: 0| OpenDrain: 0| Pullup: 0| Pulldown: 1| Intr:3 [0m
[0;32mI (400) gpio: GPIO[32]| InputEn: 1| OutputEn: 0| OpenDrain: 0| Pullup: 0| Pulldown: 1| Intr:3 [0m
[0;32mI (410) gpio: GPIO[33]| InputEn: 1| OutputEn: 0| OpenDrain: 0| Pullup: 0| Pulldown: 1| Intr:3 [0m
[0;32mI (420) main_task: Returned from app_main()[0m
[0;32mI (2960) observer: PIN18 | RISING EDGE  | 2728292 us[0m
[0;32mI (2960) observer: Queue is empty[0m
[0;32mI (3020) observer: PIN19 | RISING EDGE  | 2793635 us[0m
[0;32mI (3020) observer: Queue is empty[0m
[0;32mI (3040) observer: PIN22 | RISING EDGE  | 2814961 us[0m
[0;32mI (3040) observer: Queue is empty[0m
[0;32mI (4060) observer: PIN18 | FALLING EDGE | 3829278 us[0m
[0;32mI (4060) observer: Queue is empty[0m
[0;32mI (4120) observer: PIN19 | FALLING EDGE | 3894664 us[0m
[0;32mI (4120) observer: Queue is empty[0m
[0;32mI (4150) observer: PIN22 | FALLING EDGE | 3916001 us[0m
[0;32mI (4150) observer: Queue is empty[0m
[0;32mI (9720) observer: PIN18 | RISING EDGE  | 9487315 us[0m
[0;32mI (9720) observer: Queue is empty[0m
[0;32mI (9780) observer: PIN19 | RISING EDGE  | 9551384 us[0m
[0;32mI (9780) observer: Queue is empty[0m
[0;32mI (9790) observer: PIN22 | RISING EDGE  | 9561401 us[0m
[0;32mI (9790) observer: Queue is empty[0m
[0;32mI (10820) observer: PIN18 | FALLING EDGE | 10588326 us[0m
[0;32mI (10820) observer: Queue is empty[0m
[0;32mI (10880) observer: PIN19 | FALLING EDGE | 10652422 us[0m
[0;32mI (10880) observer: Queue is empty[0m
[0;32mI (10890) observer: PIN22 | FALLING EDGE | 10662438 us[0m
[0;32mI (10890) observer: Queue is empty[0m
[0;32mI (16480) observer: PIN18 | RISING EDGE  | 16246121 us[0m
[0;32mI (16480) observer: Queue is empty[0m
[0;32mI (16540) observer: PIN19 | RISING EDGE  | 16310346 us[0m
[0;32mI (16540) observer: Queue is empty[0m
[0;32mI (16570) observer: PIN22 | RISING EDGE  | 16341885 us[0m
[0;32mI (16570) observer: Queue is empty[0m
[0;32mI (17580) observer: PIN18 | FALLING EDGE | 17347124 us[0m
[0;32mI (17580) observer: Queue is empty[0m
[0;32mI (17640) observer: PIN19 | FALLING EDGE | 17411390 us[0m
[0;32mI (17640) observer: Queue is empty[0m
[0;32mI (17670) observer: PIN22 | FALLING EDGE | 17442926 us[0m
[0;32mI (17670) observer: Queue is empty[0m
[0;32mI (23220) observer: PIN18 | RISING EDGE  | 22994949 us[0m
[0;32mI (23220) observer: Queue is empty[0m
[0;32mI (23300) observer: PIN19 | RISING EDGE  | 23069372 us[0m
[0;32mI (23300) observer: Queue is empty[0m
[0;32mI (23330) observer: PIN22 | RISING EDGE  | 23098601 us[0m
[0;32mI (23330) observer: Queue is empty[0m
[0;32mI (24330) observer: PIN18 | FALLING EDGE | 24095966 us[0m
[0;32mI (24330) observer: Queue is empty[0m
[0;32mI (24400) observer: PIN19 | FALLING EDGE | 24170408 us[0m
[0;32mI (24400) observer: Queue is empty[0m
[0;32mI (24430) observer: PIN22 | FALLING EDGE | 24199628 us[0m
[0;32mI (24430) observer: Queue is empty[0m
[0;32mI (29970) observer: PIN18 | RISING EDGE  | 29743968 us[0m
[0;32mI (29970) observer: Queue is empty[0m
[0;32mI (30060) observer: PIN19 | RISING EDGE  | 29827957 us[0m
[0;32mI (30060) observer: Queue is empty[0m
[0;32mI (30080) observer: PIN22 | RISING EDGE  | 29847449 us[0m
[0;32mI (30080) observer: Queue is empty[0m
[0;32mI (31070) observer: PIN18 | FALLING EDGE | 30844995 us[0m
[0;32mI (31070) observer: Queue is empty[0m
[0;32mI (31160) observer: PIN19 | FALLING EDGE | 30928988 us[0m
[0;32mI (31160) observer: Queue is empty[0m
[0;32mI (31180) observer: PIN22 | FALLING EDGE | 30948469 us[0m
[0;32mI (31180) observer: Queue is empty[0m
[0;32mI (36720) observer: PIN18 | RISING EDGE  | 36493011 us[0m
[0;32mI (36720) observer: Queue is empty[0m
[0;32mI (36810) observer: PIN19 | RISING EDGE  | 36576141 us[0m
[0;32mI (36810) observer: Queue is empty[0m
[0;32mI (36830) observer: PIN22 | RISING EDGE  | 36596337 us[0m
[0;32mI (36830) observer: Queue is empty[0m
[0;32mI (37820) observer: PIN18 | FALLING EDGE | 37594052 us[0m
[0;32mI (37820) observer: Queue is empty[0m
[0;32mI (37910) observer: PIN19 | FALLING EDGE | 37677194 us[0m
[0;32mI (37910) observer: Queue is empty[0m
[0;32mI (37930) observer: PIN22 | FALLING EDGE | 37697366 us[0m
[0;32mI (37930) observer: Queue is empty[0m
[0;32mI (43470) observer: PIN18 | RISING EDGE  | 43241794 us[0m
[0;32mI (43470) observer: Queue is empty[0m
[0;32mI (43570) observer: PIN19 | RISING EDGE  | 43336540 us[0m
[0;32mI (43570) observer: Queue is empty[0m
[0;32mI (43580) observer: PIN22 | RISING EDGE  | 43345410 us[0m
[0;32mI (43580) observer: Queue is empty[0m
[0;32mI (44570) observer: PIN18 | FALLING EDGE | 44342821 us[0m
[0;32mI (44570) observer: Queue is empty[0m
[0;32mI (44670) observer: PIN19 | FALLING EDGE | 44437614 us[0m
[0;32mI (44670) observer: Queue is empty[0m
[0;32mI (44680) observer: PIN22 | FALLING EDGE | 44446477 us[0m
[0;32mI (44680) observer: Queue is empty[0m
[0;32mI (50280) observer: PIN18 | RISING EDGE  | 50050975 us[0m
[0;32mI (50280) observer: Queue is empty[0m
[0;32mI (50350) observer: PIN22 | RISING EDGE  | 50117081 us[0m
[0;32mI (50350) observer: Queue is empty[0m
[0;32mI (50380) observer: PIN19 | RISING EDGE  | 50148448 us[0m
[0;32mI (50380) observer: Queue is empty[0m
[0;32mI (51380) observer: PIN18 | FALLING EDGE | 51151969 us[0m
[0;32mI (51380) observer: Queue is empty[0m
[0;32mI (51450) observer: PIN22 | FALLING EDGE | 51218091 us[0m
[0;32mI (51450) observer: Queue is empty[0m
[0;32mI (51480) observer: PIN19 | FALLING EDGE | 51249475 us[0m
[0;32mI (51480) observer: Queue is empty[0m
[0;32mI (57030) observer: PIN18 | RISING EDGE  | 56799815 us[0m
[0;32mI (57030) observer: Queue is empty[0m
[0;32mI (57130) observer: PIN22 | RISING EDGE  | 56895259 us[0m
[0;32mI (57130) observer: Queue is empty[0m
[0;32mI (57130) observer: PIN19 | RISING EDGE  | 56904264 us[0m
[0;32mI (57130) observer: Queue is empty[0m
[0;32mI (58130) observer: PIN18 | FALLING EDGE | 57900859 us[0m
[0;32mI (58130) observer: Queue is empty[0m
[0;32mI (58230) observer: PIN22 | FALLING EDGE | 57996320 us[0m
[0;32mI (58230) observer: Queue is empty[0m
[0;32mI (58240) observer: PIN19 | FALLING EDGE | 58005292 us[0m
[0;32mI (58240) observer: Queue is empty[0m
[0;32mI (63810) observer: PIN18 | RISING EDGE  | 63578844 us[0m
[0;32mI (63810) observer: Queue is empty[0m
[0;32mI (63900) observer: PIN22 | RISING EDGE  | 63674431 us[0m
[0;32mI (63900) observer: PIN19 | RISING EDGE  | 63675027 us[0m
[0;32mI (63900) observer: Queue is empty[0m
[0;32mI (64910) observer: PIN18 | FALLING EDGE | 64679870 us[0m
[0;32mI (64910) observer: Queue is empty[0m
[0;32mI (65010) observer: PIN22 | FALLING EDGE | 64775469 us[0m
[0;32mI (65010) observer: PIN19 | FALLING EDGE | 64776048 us[0m
[0;32mI (65010) observer: Queue is empty[0m
[0;32mI (70610) observer: PIN18 | RISING EDGE  | 70377796 us[0m
[0;32mI (70610) observer: Queue is empty[0m
[0;32mI (70660) observer: PIN22 | RISING EDGE  | 70432795 us[0m
[0;32mI (70660) observer: Queue is empty[0m
[0;32mI (70710) observer: PIN19 | RISING EDGE  | 70484969 us[0m
[0;32mI (70710) observer: Queue is empty[0m
[0;32mI (71710) observer: PIN18 | FALLING EDGE | 71478825 us[0m
[0;32mI (71710) observer: Queue is empty[0m
[0;32mI (71760) observer: PIN22 | FALLING EDGE | 71533816 us[0m
[0;32mI (71760) observer: Queue is empty[0m
[0;32mI (71820) observer: PIN19 | FALLING EDGE | 71586005 us[0m
[0;32mI (71820) observer: Queue is empty[0m
