ï¿½ï¿½.99 [0m
ï¿½ets Jun  8 2016 00:22:57

rst:0x1 (POWERON_RESET),boot:0x13 (SPI_FAST_FLASH_BOOT)
configsip: 0, SPIWP:0xee
clk_drv:0x00,q_drv:0x00,d_drv:0x00,cs0_drv:0x00,hd_drv:0x00,wp_drv:0x00
mode:DIO, clock div:2
load:0x3fff0030,len:7080
load:0x40078000,len:15584
load:0x40080400,len:4
ho 8 tail 4 room 4
load:0x40080404,len:3876
entry 0x4008064c
[0;32mI (31) boot: ESP-IDF v5.1.1 2nd stage bootloader[0m
[0;32mI (31) boot: compile time Nov 29 2023 18:20:22[0m
[0;32mI (31) boot: Multicore bootloader[0m
[0;32mI (35) boot: chip revision: v1.0[0m
[0;32mI (39) boot.esp32: SPI Speed      : 40MHz[0m
[0;32mI (43) boot.esp32: SPI Mode       : DIO[0m
[0;32mI (48) boot.esp32: SPI Flash Size : 2MB[0m
[0;32mI (52) boot: Enabling RNG early entropy source...[0m
[0;32mI (58) boot: Partition Table:[0m
[0;32mI (61) boot: ## Label            Usage          Type ST Offset   Length[0m
[0;32mI (69) boot:  0 nvs              WiFi data        01 02 00009000 00006000[0m
[0;32mI (76) boot:  1 phy_init         RF data          01 01 0000f000 00001000[0m
[0;32mI (84) boot:  2 factory          factory app      00 00 00010000 00100000[0m
[0;32mI (91) boot: End of partition table[0m
[0;32mI (95) esp_image: segment 0: paddr=00010020 vaddr=3f400020 size=09e20h ( 40480) map[0m
[0;32mI (118) esp_image: segment 1: paddr=00019e48 vaddr=3ffb0000 size=02158h (  8536) load[0m
[0;32mI (122) esp_image: segment 2: paddr=0001bfa8 vaddr=40080000 size=04070h ( 16496) load[0m
[0;32mI (131) esp_image: segment 3: paddr=00020020 vaddr=400d0020 size=14f34h ( 85812) map[0m
[0;32mI (164) esp_image: segment 4: paddr=00034f5c vaddr=40084070 size=083bch ( 33724) load[0m
[0;32mI (184) boot: Loaded app from partition at offset 0x10000[0m
[0;32mI (184) boot: Disabling RNG early entropy source...[0m
[0;32mI (196) cpu_start: Multicore app[0m
[0;32mI (196) cpu_start: Pro cpu up.[0m
[0;32mI (196) cpu_start: Starting app cpu, entry point is 0x40081108[0m
[0;32mI (0) cpu_start: App cpu up.[0m
[0;32mI (231) cpu_start: Pro cpu start user code[0m
[0;32mI (231) cpu_start: cpu freq: 160000000 Hz[0m
[0;32mI (231) cpu_start: Application information:[0m
[0;32mI (234) cpu_start: Project name:     generic_gpio[0m
[0;32mI (240) cpu_start: App version:      1[0m
[0;32mI (244) cpu_start: Compile time:     Nov 29 2023 18:20:14[0m
[0;32mI (250) cpu_start: ELF file SHA256:  0854a0f9dbf7475e...[0m
[0;32mI (256) cpu_start: ESP-IDF:          v5.1.1[0m
[0;32mI (261) cpu_start: Min chip rev:     v0.0[0m
[0;32mI (266) cpu_start: Max chip rev:     v3.99 [0m
[0;32mI (271) cpu_start: Chip rev:         v1.0[0m
[0;32mI (275) heap_init: Initializing. RAM available for dynamic allocation:[0m
[0;32mI (283) heap_init: At 3FFAE6E0 len 00001920 (6 KiB): DRAM[0m
[0;32mI (289) heap_init: At 3FFB29C8 len 0002D638 (181 KiB): DRAM[0m
[0;32mI (295) heap_init: At 3FFE0440 len 00003AE0 (14 KiB): D/IRAM[0m
[0;32mI (301) heap_init: At 3FFE4350 len 0001BCB0 (111 KiB): D/IRAM[0m
[0;32mI (308) heap_init: At 4008C42C len 00013BD4 (78 KiB): IRAM[0m
[0;32mI (315) spi_flash: detected chip: generic[0m
[0;32mI (318) spi_flash: flash io: dio[0m
[0;33mW (322) spi_flash: Detected size(4096k) larger than the size in the binary image header(2048k). Using the size in the binary image header.[0m
[0;32mI (336) app_start: Starting scheduler on CPU0[0m
[0;32mI (341) app_start: Starting scheduler on CPU1[0m
[0;32mI (341) main_task: Started on CPU0[0m
[0;32mI (351) main_task: Calling app_main()[0m
[0;32mI (351) gpio: GPIO[18]| InputEn: 1| OutputEn: 0| OpenDrain: 0| Pullup: 0| Pulldown: 1| Intr:3 [0m
[0;32mI (361) gpio: GPIO[19]| InputEn: 1| OutputEn: 0| OpenDrain: 0| Pullup: 0| Pulldown: 1| Intr:3 [0m
[0;32mI (371) gpio: GPIO[21]| InputEn: 1| OutputEn: 0| OpenDrain: 0| Pullup: 0| Pulldown: 1| Intr:3 [0m
[0;32mI (381) gpio: GPIO[22]| InputEn: 1| OutputEn: 0| OpenDrain: 0| Pullup: 0| Pulldown: 1| Intr:3 [0m
[0;32mI (391) gpio: GPIO[23]| InputEn: 1| OutputEn: 0| OpenDrain: 0| Pullup: 0| Pulldown: 1| Intr:3 [0m
[0;32mI (401) gpio: GPIO[32]| InputEn: 1| OutputEn: 0| OpenDrain: 0| Pullup: 0| Pulldown: 1| Intr:3 [0m
[0;32mI (401) gpio: GPIO[33]| InputEn: 1| OutputEn: 0| OpenDrain: 0| Pullup: 0| Pulldown: 1| Intr:3 [0m
[0;32mI (411) main_task: Returned from app_main()[0m
[0;32mI (451) observer_task: PIN18 | RISING EDGE  | 217850 us[0m
[0;32mI (531) observer_task: PIN22 | RISING EDGE  | 301533 us[0m
[0;32mI (551) observer_task: PIN19 | RISING EDGE  | 322139 us[0m
[0;32mI (1551) observer_task: PIN18 | FALLING EDGE | 1318810 us[0m
[0;32mI (1551) observer_task: avg moving offset : 84152 us (rising)[0m
[0;32mI (1631) observer_task: PIN22 | FALLING EDGE | 1402559 us[0m
[0;32mI (1651) observer_task: PIN19 | FALLING EDGE | 1423170 us[0m
[0;32mI (7211) observer_task: PIN18 | RISING EDGE  | 6976704 us[0m
[0;32mI (7211) observer_task: avg moving offset : 18810 us (falling)[0m
[0;32mI (7281) observer_task: PIN22 | RISING EDGE  | 7050711 us[0m
[0;32mI (7301) observer_task: PIN19 | RISING EDGE  | 7070479 us[0m
[0;32mI (8311) observer_task: PIN18 | FALLING EDGE | 8077729 us[0m
[0;32mI (8311) observer_task: avg moving offset : 100930 us (rising)[0m
[0;32mI (8381) observer_task: PIN22 | FALLING EDGE | 8151723 us[0m
[0;32mI (8401) observer_task: PIN19 | FALLING EDGE | 8171487 us[0m
[0;32mI (13961) observer_task: PIN18 | RISING EDGE  | 13725343 us[0m
[0;32mI (13961) observer_task: avg moving offset : 35586 us (falling)[0m
[0;32mI (14031) observer_task: PIN22 | RISING EDGE  | 13799610 us[0m
[0;32mI (14061) observer_task: PIN19 | RISING EDGE  | 13828826 us[0m
[0;32mI (15061) observer_task: PIN18 | FALLING EDGE | 14826376 us[0m
[0;32mI (15061) observer_task: avg moving offset : 118705 us (rising)[0m
[0;32mI (15131) observer_task: PIN22 | FALLING EDGE | 14900626 us[0m
[0;32mI (15161) observer_task: PIN19 | FALLING EDGE | 14929842 us[0m
[0;32mI (20711) observer_task: PIN18 | RISING EDGE  | 20484542 us[0m
[0;32mI (20711) observer_task: avg moving offset : 53357 us (falling)[0m
[0;32mI (20781) observer_task: PIN22 | RISING EDGE  | 20548165 us[0m
[0;32mI (20821) observer_task: PIN19 | RISING EDGE  | 20588601 us[0m
[0;32mI (21821) observer_task: PIN18 | FALLING EDGE | 21585553 us[0m
[0;32mI (21821) observer_task: avg moving offset : 135473 us (rising)[0m
[0;32mI (21881) observer_task: PIN22 | FALLING EDGE | 21649223 us[0m
[0;32mI (21921) observer_task: PIN19 | FALLING EDGE | 21689634 us[0m
[0;32mI (27471) observer_task: PIN18 | RISING EDGE  | 27243117 us[0m
[0;32mI (27471) observer_task: avg moving offset : 70132 us (falling)[0m
[0;32mI (27551) observer_task: PIN22 | RISING EDGE  | 27317756 us[0m
[0;32mI (27571) observer_task: PIN19 | RISING EDGE  | 27336574 us[0m
[0;32mI (28571) observer_task: PIN18 | FALLING EDGE | 28344144 us[0m
[0;32mI (28571) observer_task: avg moving offset : 130498 us (rising)[0m
[0;32mI (28651) observer_task: PIN22 | FALLING EDGE | 28418780 us[0m
[0;32mI (28671) observer_task: PIN19 | FALLING EDGE | 28437594 us[0m
[0;32mI (34241) observer_task: PIN18 | RISING EDGE  | 34012351 us[0m
[0;32mI (34241) observer_task: avg moving offset : 86941 us (falling)[0m
[0;32mI (34301) observer_task: PIN22 | RISING EDGE  | 34065959 us[0m
[0;32mI (34341) observer_task: PIN19 | RISING EDGE  | 34107064 us[0m
[0;32mI (35341) observer_task: PIN18 | FALLING EDGE | 35113350 us[0m
[0;32mI (35341) observer_task: avg moving offset : 82963 us (rising)[0m
[0;32mI (35401) observer_task: PIN22 | FALLING EDGE | 35166973 us[0m
[0;32mI (35441) observer_task: PIN19 | FALLING EDGE | 35208114 us[0m
[0;32mI (41001) observer_task: PIN18 | RISING EDGE  | 40771431 us[0m
[0;32mI (41001) observer_task: avg moving offset : 82969 us (falling)[0m
[0;32mI (41051) observer_task: PIN22 | RISING EDGE  | 40816306 us[0m
[0;32mI (41091) observer_task: PIN19 | RISING EDGE  | 40855399 us[0m
[0;32mI (42101) observer_task: PIN18 | FALLING EDGE | 41872527 us[0m
[0;32mI (42101) observer_task: avg moving offset : 79069 us (rising)[0m
[0;32mI (42151) observer_task: PIN22 | FALLING EDGE | 41917366 us[0m
[0;32mI (42191) observer_task: PIN19 | FALLING EDGE | 41956475 us[0m
[0;32mI (47761) observer_task: PIN18 | RISING EDGE  | 47530443 us[0m
[0;32mI (47761) observer_task: avg moving offset : 79072 us (falling)[0m
[0;32mI (47841) observer_task: PIN22 | RISING EDGE  | 47605939 us[0m
[0;32mI (47851) observer_task: PIN19 | RISING EDGE  | 47624741 us[0m
[0;32mI (48861) observer_task: PIN18 | FALLING EDGE | 48631460 us[0m
[0;32mI (48861) observer_task: avg moving offset : 78273 us (rising)[0m
[0;32mI (48941) observer_task: PIN22 | FALLING EDGE | 48706971 us[0m
[0;32mI (48961) observer_task: PIN19 | FALLING EDGE | 48725770 us[0m
