[0m
[0;32ï¿½ï¿½JI5m[0m
[0;32mï¿½ets Jul 29 2019 12:21:46

rst:0x1 (POWERON_RESET),boot:0x13 (SPI_FAST_FLASH_BOOT)
configsip: 0, SPIWP:0xee
clk_drv:0x00,q_drv:0x00,d_drv:0x00,cs0_drv:0x00,hd_drv:0x00,wp_drv:0x00
mode:DIO, clock div:2
load:0x3fff0030,len:7080
load:0x40078000,len:15584
load:0x40080400,len:4
ho 8 tail 4 room 4
load:0x40080404,len:3876
entry 0x4008064c
[0;32mI (31) boot: ESP-IDF v5.1.1 2nd stage bootloader[0m
[0;32mI (31) boot: compile time Nov 29 2023 18:20:22[0m
[0;32mI (31) boot: Multicore bootloader[0m
[0;32mI (35) boot: chip revision: v3.0[0m
[0;32mI (39) boot.esp32: SPI Speed      : 40MHz[0m
[0;32mI (44) boot.esp32: SPI Mode       : DIO[0m
[0;32mI (48) boot.esp32: SPI Flash Size : 2MB[0m
[0;32mI (53) boot: Enabling RNG early entropy source...[0m
[0;32mI (58) boot: Partition Table:[0m
[0;32mI (62) boot: ## Label            Usage          Type ST Offset   Length[0m
[0;32mI (69) boot:  0 nvs              WiFi data        01 02 00009000 00006000[0m
[0;32mI (77) boot:  1 phy_init         RF data          01 01 0000f000 00001000[0m
[0;32mI (84) boot:  2 factory          factory app      00 00 00010000 00100000[0m
[0;32mI (92) boot: End of partition table[0m
[0;32mI (96) esp_image: segment 0: paddr=00010020 vaddr=3f400020 size=09da8h ( 40360) map[0m
[0;32mI (119) esp_image: segment 1: paddr=00019dd0 vaddr=3ffb0000 size=02158h (  8536) load[0m
[0;32mI (122) esp_image: segment 2: paddr=0001bf30 vaddr=40080000 size=040e8h ( 16616) load[0m
[0;32mI (132) esp_image: segment 3: paddr=00020020 vaddr=400d0020 size=14d8ch ( 85388) map[0m
[0;32mI (164) esp_image: segment 4: paddr=00034db4 vaddr=400840e8 size=08344h ( 33604) load[0m
[0;32mI (184) boot: Loaded app from partition at offset 0x10000[0m
[0;32mI (184) boot: Disabling RNG early entropy source...[0m
[0;32mI (196) cpu_start: Multicore app[0m
[0;32mI (196) cpu_start: Pro cpu up.[0m
[0;32mI (196) cpu_start: Starting app cpu, entry point is 0x40081108[0m
[0;32mI (0) cpu_start: App cpu up.[0m
[0;32mI (231) cpu_start: Pro cpu start user code[0m
[0;32mI (231) cpu_start: cpu freq: 160000000 Hz[0m
[0;32mI (231) cpu_start: Application information:[0m
[0;32mI (234) cpu_start: Project name:     generic_gpio[0m
[0;32mI (240) cpu_start: App version:      1[0m
[0;32mI (244) cpu_start: Compile time:     Nov 29 2023 18:20:14[0m
[0;32mI (250) cpu_start: ELF file SHA256:  6200fe5a2b3d3c5b...[0m
[0;32mI (256) cpu_start: ESP-IDF:          v5.1.1[0m
[0;32mI (261) cpu_start: Min chip rev:     v0.0[0m
[0;32mI (266) cpu_start: Max chip rev:     v3.99 [0m
[0;32mI (271) cpu_start: Chip rev:         v3.0[0m
[0;32mI (276) heap_init: Initializing. RAM available for dynamic allocation:[0m
[0;32mI (283) heap_init: At 3FFAE6E0 len 00001920 (6 KiB): DRAM[0m
[0;32mI (289) heap_init: At 3FFB29C8 len 0002D638 (181 KiB): DRAM[0m
[0;32mI (295) heap_init: At 3FFE0440 len 00003AE0 (14 KiB): D/IRAM[0m
[0;32mI (301) heap_init: At 3FFE4350 len 0001BCB0 (111 KiB): D/IRAM[0m
[0;32mI (308) heap_init: At 4008C42C len 00013BD4 (78 KiB): IRAM[0m
[0;32mI (316) spi_flash: detected chip: generic[0m
[0;32mI (319) spi_flash: flash io: dio[0m
[0;33mW (323) spi_flash: Detected size(4096k) larger than the size in the binary image header(2048k). Using the size in the binary image header.[0m
[0;32mI (336) app_start: Starting scheduler on CPU0[0m
[0;32mI (341) app_start: Starting scheduler on CPU1[0m
[0;32mI (341) main_task: Started on CPU0[0m
[0;32mI (351) main_task: Calling app_main()[0m
[0;32mI (351) gpio: GPIO[18]| InputEn: 1| OutputEn: 0| OpenDrain: 0| Pullup: 0| Pulldown: 1| Intr:3 [0m
[0;32mI (361) gpio: GPIO[19]| InputEn: 1| OutputEn: 0| OpenDrain: 0| Pullup: 0| Pulldown: 1| Intr:3 [0m
[0;32mI (371) gpio: GPIO[21]| InputEn: 1| OutputEn: 0| OpenDrain: 0| Pullup: 0| Pulldown: 1| Intr:3 [0m
[0;32mI (381) gpio: GPIO[22]| InputEn: 1| OutputEn: 0| OpenDrain: 0| Pullup: 0| Pulldown: 1| Intr:3 [0m
[0;32mI (391) gpio: GPIO[23]| InputEn: 1| OutputEn: 0| OpenDrain: 0| Pullup: 0| Pulldown: 1| Intr:3 [0m
[0;32mI (401) gpio: GPIO[32]| InputEn: 1| OutputEn: 0| OpenDrain: 0| Pullup: 0| Pulldown: 1| Intr:3 [0m
[0;32mI (401) gpio: GPIO[33]| InputEn: 1| OutputEn: 0| OpenDrain: 0| Pullup: 0| Pulldown: 1| Intr:3 [0m
[0;32mI (411) main_task: Returned from app_main()[0m
[0;32mI (1911) observer_task: deviation:  11292[0m
[0;32mI (1911) observer_task:  [0m
[0;32mI (2741) observer_task: deviation:  11379[0m
[0;32mI (2741) observer_task:  [0m
[0;32mI (3741) observer_task: deviation:  12829[0m
[0;32mI (3741) observer_task:  [0m
[0;32mI (4581) observer_task: deviation:  12867[0m
[0;32mI (4581) observer_task:  [0m
[0;32mI (5591) observer_task: deviation:  18462[0m
[0;32mI (5591) observer_task:  [0m
[0;33mW (6441) observer_task: No edges to compare![0m
[0;32mI (7441) observer_task: deviation: 863401[0m
[0;32mI (7441) observer_task:  [0m
[0;32mI (8261) observer_task: deviation:  15170[0m
[0;32mI (8261) observer_task:  [0m
[0;32mI (9271) observer_task: deviation:  15521[0m
[0;32mI (9271) observer_task:  [0m
[0;32mI (10121) observer_task: deviation:  15540[0m
[0;32mI (10121) observer_task:  [0m
[0;32mI (11131) observer_task: deviation:  16216[0m
[0;32mI (11131) observer_task:  [0m
[0;32mI (11971) observer_task: deviation:  16230[0m
[0;32mI (11971) observer_task:  [0m
[0;32mI (12971) observer_task: deviation:  17007[0m
[0;32mI (12971) observer_task:  [0m
[0;32mI (13801) observer_task: deviation:  17043[0m
[0;32mI (13801) observer_task:  [0m
[0;32mI (14811) observer_task: deviation:  17966[0m
[0;32mI (14811) observer_task:  [0m
[0;32mI (15641) observer_task: deviation:  17979[0m
[0;32mI (15641) observer_task:  [0m
[0;32mI (16641) observer_task: deviation:  18696[0m
[0;32mI (16641) observer_task:  [0m
[0;32mI (17481) observer_task: deviation:  18691[0m
[0;32mI (17481) observer_task:  [0m
[0;32mI (18481) observer_task: deviation:  16038[0m
[0;32mI (18481) observer_task:  [0m
[0;32mI (19351) observer_task: deviation:  16057[0m
[0;32mI (19351) observer_task:  [0m
[0;32mI (20351) observer_task: deviation:  14897[0m
[0;32mI (20351) observer_task:  [0m
[0;32mI (21171) observer_task: deviation:  14920[0m
[0;32mI (21171) observer_task:  [0m
[0;32mI (22181) observer_task: deviation:  16153[0m
[0;32mI (22181) observer_task:  [0m
[0;32mI (23001) observer_task: deviation:  16165[0m
[0;32mI (23001) observer_task:  [0m
[0;32mI (24011) observer_task: deviation:  16124[0m
[0;32mI (24011) observer_task:  [0m
[0;32mI (24851) observer_task: deviation:  16118[0m
[0;32mI (24851) observer_task:  [0m
[0;32mI (25851) observer_task: deviation:  16228[0m
[0;32mI (25851) observer_task:  [0m
[0;32mI (26701) observer_task: deviation:  16258[0m
[0;32mI (26701) observer_task:  [0m
[0;32mI (27711) observer_task: deviation:   7847[0m
[0;32mI (27711) observer_task:  [0m
[0;32mI (28521) observer_task: deviation:   7846[0m
[0;32mI (28521) observer_task:  [0m
[0;32mI (29531) observer_task: deviation:  18082[0m
[0;32mI (29531) observer_task:  [0m
[0;32mI (30351) observer_task: deviation:  18098[0m
[0;32mI (30351) observer_task:  [0m
[0;32mI (31361) observer_task: deviation:  18652[0m
[0;32mI (31361) observer_task:  [0m
[0;32mI (32201) observer_task: deviation:  18646[0m
[0;32mI (32201) observer_task:  [0m
[0;32mI (33211) observer_task: deviation:   9482[0m
[0;32mI (33211) observer_task:  [0m
[0;33mW (34051) observer_task: No edges to compare![0m
[0;32mI (35051) observer_task: deviation: 861115[0m
[0;32mI (35051) observer_task:  [0m
[0;32mI (35871) observer_task: deviation:  21527[0m
[0;32mI (35871) observer_task:  [0m
[0;32mI (36881) observer_task: deviation:  10828[0m
[0;32mI (36881) observer_task:  [0m
[0;32mI (37701) observer_task: deviation:  10794[0m
[0;32mI (37701) observer_task:  [0m
[0;32mI (38701) observer_task: deviation:  13744[0m
[0;32mI (38701) observer_task:  [0m
[0;32mI (39531) observer_task: deviation:  13735[0m
[0;32mI (39531) observer_task:  [0m
[0;32mI (40541) observer_task: deviation:  13855[0m
[0;32mI (40541) observer_task:  [0m
[0;32mI (41371) observer_task: deviation:  13867[0m
[0;32mI (41371) observer_task:  [0m
[0;32mI (42381) observer_task: deviation:  15001[0m
[0;32mI (42381) observer_task:  [0m
[0;32mI (43221) observer_task: deviation:  15006[0m
[0;32mI (43221) observer_task:  [0m
[0;32mI (44231) observer_task: deviation:  10669[0m
[0;32mI (44231) observer_task:  [0m
[0;32mI (45081) observer_task: deviation:  10687[0m
[0;32mI (45081) observer_task:  [0m
[0;32mI (46081) observer_task: deviation:  11143[0m
[0;32mI (46081) observer_task:  [0m
[0;32mI (46911) observer_task: deviation:  11167[0m
[0;32mI (46911) observer_task:  [0m
[0;32mI (47921) observer_task: deviation:  11432[0m
[0;32mI (47921) observer_task:  [0m
[0;32mI (48751) observer_task: deviation:  11447[0m
[0;32mI (48751) observer_task:  [0m
[0;32mI (49761) observer_task: deviation:   9135[0m
[0;32mI (49761) observer_task:  [0m
[0;33mW (50591) observer_task: No edges to compare![0m
[0;32mI (51591) observer_task: deviation: 841146[0m
[0;32mI (51591) observer_task:  [0m
[0;32mI (52441) observer_task: deviation:  12937[0m
[0;32mI (52441) observer_task:  [0m
[0;32mI (53451) observer_task: deviation:  13685[0m
[0;32mI (53451) observer_task:  [0m
[0;32mI (54301) observer_task: deviation:  13710[0m
[0;32mI (54301) observer_task:  [0m
[0;32mI (55311) observer_task: deviation:  14387[0m
[0;32mI (55311) observer_task:  [0m
[0;32mI (56131) observer_task: deviation:  14391[0m
[0;32mI (56131) observer_task:  [0m
