 len 000019Wï¿½Ñ¥ï¿½ï¿½ï¿½scheï¿½ets Jul 29 2019 12:21:46

rst:0x1 (POWERON_RESET),boot:0x13 (SPI_FAST_FLASH_BOOT)
configsip: 0, SPIWP:0xee
clk_drv:0x00,q_drv:0x00,d_drv:0x00,cs0_drv:0x00,hd_drv:0x00,wp_drv:0x00
mode:DIO, clock div:2
load:0x3fff0030,len:7080
load:0x40078000,len:15584
load:0x40080400,len:4
ho 8 tail 4 room 4
load:0x40080404,len:3876
entry 0x4008064c
[0;32mI (31) boot: ESP-IDF v5.1.1 2nd stage bootloader[0m
[0;32mI (31) boot: compile time Nov 29 2023 18:20:22[0m
[0;32mI (31) boot: Multicore bootloader[0m
[0;32mI (35) boot: chip revision: v3.0[0m
[0;32mI (39) boot.esp32: SPI Speed      : 40MHz[0m
[0;32mI (44) boot.esp32: SPI Mode       : DIO[0m
[0;32mI (48) boot.esp32: SPI Flash Size : 2MB[0m
[0;32mI (53) boot: Enabling RNG early entropy source...[0m
[0;32mI (58) boot: Partition Table:[0m
[0;32mI (62) boot: ## Label            Usage          Type ST Offset   Length[0m
[0;32mI (69) boot:  0 nvs              WiFi data        01 02 00009000 00006000[0m
[0;32mI (77) boot:  1 phy_init         RF data          01 01 0000f000 00001000[0m
[0;32mI (84) boot:  2 factory          factory app      00 00 00010000 00100000[0m
[0;32mI (92) boot: End of partition table[0m
[0;32mI (96) esp_image: segment 0: paddr=00010020 vaddr=3f400020 size=09de0h ( 40416) map[0m
[0;32mI (119) esp_image: segment 1: paddr=00019e08 vaddr=3ffb0000 size=02158h (  8536) load[0m
[0;32mI (122) esp_image: segment 2: paddr=0001bf68 vaddr=40080000 size=040b0h ( 16560) load[0m
[0;32mI (132) esp_image: segment 3: paddr=00020020 vaddr=400d0020 size=14d60h ( 85344) map[0m
[0;32mI (164) esp_image: segment 4: paddr=00034d88 vaddr=400840b0 size=0837ch ( 33660) load[0m
[0;32mI (184) boot: Loaded app from partition at offset 0x10000[0m
[0;32mI (184) boot: Disabling RNG early entropy source...[0m
[0;32mI (196) cpu_start: Multicore app[0m
[0;32mI (196) cpu_start: Pro cpu up.[0m
[0;32mI (196) cpu_start: Starting app cpu, entry point is 0x40081108[0m
[0;32mI (0) cpu_start: App cpu up.[0m
[0;32mI (231) cpu_start: Pro cpu start user code[0m
[0;32mI (231) cpu_start: cpu freq: 160000000 Hz[0m
[0;32mI (232) cpu_start: Application information:[0m
[0;32mI (234) cpu_start: Project name:     generic_gpio[0m
[0;32mI (240) cpu_start: App version:      1[0m
[0;32mI (244) cpu_start: Compile time:     Nov 29 2023 18:20:14[0m
[0;32mI (250) cpu_start: ELF file SHA256:  660ba1746211d85d...[0m
[0;32mI (256) cpu_start: ESP-IDF:          v5.1.1[0m
[0;32mI (261) cpu_start: Min chip rev:     v0.0[0m
[0;32mI (266) cpu_start: Max chip rev:     v3.99 [0m
[0;32mI (271) cpu_start: Chip rev:         v3.0[0m
[0;32mI (276) heap_init: Initializing. RAM available for dynamic allocation:[0m
[0;32mI (283) heap_init: At 3FFAE6E0 len 00001920 (6 KiB): DRAM[0m
[0;32mI (289) heap_init: At 3FFB29C8 len 0002D638 (181 KiB): DRAM[0m
[0;32mI (295) heap_init: At 3FFE0440 len 00003AE0 (14 KiB): D/IRAM[0m
[0;32mI (301) heap_init: At 3FFE4350 len 0001BCB0 (111 KiB): D/IRAM[0m
[0;32mI (308) heap_init: At 4008C42C len 00013BD4 (78 KiB): IRAM[0m
[0;32mI (316) spi_flash: detected chip: generic[0m
[0;32mI (319) spi_flash: flash io: dio[0m
[0;33mW (323) spi_flash: Detected size(4096k) larger than the size in the binary image header(2048k). Using the size in the binary image header.[0m
[0;32mI (336) app_start: Starting scheduler on CPU0[0m
[0;32mI (341) app_start: Starting scheduler on CPU1[0m
[0;32mI (341) main_task: Started on CPU0[0m
[0;32mI (351) main_task: Calling app_main()[0m
[0;32mI (351) gpio: GPIO[18]| InputEn: 1| OutputEn: 0| OpenDrain: 0| Pullup: 0| Pulldown: 1| Intr:3 [0m
[0;32mI (361) gpio: GPIO[19]| InputEn: 1| OutputEn: 0| OpenDrain: 0| Pullup: 0| Pulldown: 1| Intr:3 [0m
[0;32mI (371) gpio: GPIO[21]| InputEn: 1| OutputEn: 0| OpenDrain: 0| Pullup: 0| Pulldown: 1| Intr:3 [0m
[0;32mI (381) gpio: GPIO[22]| InputEn: 1| OutputEn: 0| OpenDrain: 0| Pullup: 0| Pulldown: 1| Intr:3 [0m
[0;32mI (391) gpio: GPIO[23]| InputEn: 1| OutputEn: 0| OpenDrain: 0| Pullup: 0| Pulldown: 1| Intr:3 [0m
[0;32mI (401) gpio: GPIO[32]| InputEn: 1| OutputEn: 0| OpenDrain: 0| Pullup: 0| Pulldown: 1| Intr:3 [0m
[0;32mI (401) gpio: GPIO[33]| InputEn: 1| OutputEn: 0| OpenDrain: 0| Pullup: 0| Pulldown: 1| Intr:3 [0m
[0;32mI (411) main_task: Returned from app_main()[0m
[0;32mI (8561) observer_task: PIN0 - PIN18 | deviation = 8333913 us (falling)[0m
[0;32mI (9571) observer_task: [0m
[0;32mI (10581) observer_task: [0m
[0;32mI (11591) observer_task: [0m
[0;32mI (13031) observer_task: [0m
[0;32mI (14041) observer_task: [0m
[0;32mI (16001) observer_task: [0m
[0;32mI (17001) observer_task: [0m
[0;32mI (18151) observer_task: [0m
[0;32mI (19151) observer_task: [0m
[0;32mI (20571) observer_task: [0m
[0;32mI (21571) observer_task: [0m
[0;32mI (22981) observer_task: [0m
[0;32mI (23991) observer_task: [0m
[0;32mI (25621) observer_task: [0m
[0;32mI (26631) observer_task: [0m
[0;32mI (28181) observer_task: [0m
[0;32mI (29191) observer_task: [0m
[0;32mI (31021) observer_task: [0m
[0;32mI (32031) observer_task: [0m
[0;32mI (33841) observer_task: [0m
[0;32mI (34851) observer_task: [0m
[0;32mI (36551) observer_task: [0m
[0;32mI (37561) observer_task: [0m
[0;32mI (38681) observer_task: [0m
[0;32mI (39691) observer_task: [0m
[0;32mI (41681) observer_task: [0m
[0;32mI (42681) observer_task: [0m
[0;32mI (44471) observer_task: [0m
[0;32mI (45471) observer_task: [0m
[0;32mI (47001) observer_task: [0m
